code/Jinja2/Jinja2.md
Created syntax/Jinja2/Jinja2.html page!
code/Bokeh/Bokeh_Notes.md
Created syntax/Bokeh/Bokeh_Notes.html page!
code/Bokeh/Bokeh_test1.md
Created syntax/Bokeh/Bokeh_test1.html page!
code/Bokeh/Bokeh_test2.md
Created syntax/Bokeh/Bokeh_test2.html page!
code/Plotly/Plotly_test1.md
Created syntax/Plotly/Plotly_test1.html page!
code/C/C_Programming.md
Created syntax/C/C_Programming.html page!
code/Geogebra/Geogebra_Test01.md
Created syntax/Geogebra/Geogebra_Test01.html page!
code/Scientific_Computation_Using_Python/001_Introduction.md
Created syntax/Scientific_Computation_Using_Python/001_Introduction.html page!
code/Scientific_Computation_Using_Python/002_MetaInfo.md
Created syntax/Scientific_Computation_Using_Python/002_MetaInfo.html page!
code/Scientific_Computation_Using_Python/003_PrimaryDataTypes.md
Created syntax/Scientific_Computation_Using_Python/003_PrimaryDataTypes.html page!
code/Scientific_Computation_Using_Python/004_Operations_Part1.md
Created syntax/Scientific_Computation_Using_Python/004_Operations_Part1.html page!
code/Scientific_Computation_Using_Python/005_HeronsFormula.md
Created syntax/Scientific_Computation_Using_Python/005_HeronsFormula.html page!
code/Scientific_Computation_Using_Python/006_Modified_HeronsFormula.md
Created syntax/Scientific_Computation_Using_Python/006_Modified_HeronsFormula.html page!
code/Fortran/Fortran.md
Created syntax/Fortran/Fortran.html page!
code/CPP/CPP_programming.md
Created syntax/CPP/CPP_programming.html page!
code/Java/Java_programming.md
Created syntax/Java/Java_programming.html page!
code/LaTeX/LaTex02.md
Created syntax/LaTeX/LaTex02.html page!
code/LaTeX/LaTeX.md
Created syntax/LaTeX/LaTeX.html page!
code/MPI/MPI.md
Created syntax/MPI/MPI.html page!
code/Shell/Shell.md
Created syntax/Shell/Shell.html page!
code/Python/01_Intro.md
Created syntax/Python/01_Intro.html page!
code/Python/02_Installation.md
Created syntax/Python/02_Installation.html page!
code/Python/03_Definitions.md
Created syntax/Python/03_Definitions.html page!
code/Python/04_Basics.md
Created syntax/Python/04_Basics.html page!
code/Python/pygame.md
Created syntax/Python/pygame.html page!
code/CSS3/CSS3.md
Created syntax/CSS3/CSS3.html page!
code/HTML5/HTML5.md
Created syntax/HTML5/HTML5.html page!
code/JavaScript/JavaScript.md
Created syntax/JavaScript/JavaScript.html page!
code/ProcessingJS/ProcessingJS_Games.md
Created syntax/ProcessingJS/ProcessingJS_Games.html page!
code/ProcessingJS/ProcessingJS.md
Created syntax/ProcessingJS/ProcessingJS.html page!
code/ProcessingJS/Processing_Test1.md
Created syntax/ProcessingJS/Processing_Test1.html page!
code/ProcessingJS/Processing_Test1_old.md
Created syntax/ProcessingJS/Processing_Test1_old.html page!
code/ProcessingJS/Processing_Test2.md
Created syntax/ProcessingJS/Processing_Test2.html page!
code/ProcessingJS/Processing_Test3.md
Created syntax/ProcessingJS/Processing_Test3.html page!
code/HTML5_CSS3/HTML5_CSS3_001_Intro.md
Created syntax/HTML5_CSS3/HTML5_CSS3_001_Intro.html page!
code/HTML5_CSS3/HTML5_CSS3_002_Installation_and_Setup.md
Created syntax/HTML5_CSS3/HTML5_CSS3_002_Installation_and_Setup.html page!
code/HTML5_CSS3/HTML5_CSS3_003_Parts_of_a_webpage.md
Created syntax/HTML5_CSS3/HTML5_CSS3_003_Parts_of_a_webpage.html page!
code/Jekyll/Jekyll.md
Created syntax/Jekyll/Jekyll.html page!
code/Sass/Sass.md
Created syntax/Sass/Sass.html page!
blog/poems/acceptance.md
Created fluidiccolours/poems/acceptance.html page!
blog/poems/a_dreamers_nightmare.md
Created fluidiccolours/poems/a_dreamers_nightmare.html page!
blog/poems/a_farewell_in_melancholy.md
Created fluidiccolours/poems/a_farewell_in_melancholy.html page!
blog/poems/a_farewell_song.md
Created fluidiccolours/poems/a_farewell_song.html page!
blog/poems/agree_to_disagree.md
Created fluidiccolours/poems/agree_to_disagree.html page!
blog/poems/a_hope_for_a_lighthouse.md
Created fluidiccolours/poems/a_hope_for_a_lighthouse.html page!
blog/poems/a_realists_regret.md
Created fluidiccolours/poems/a_realists_regret.html page!
blog/poems/a_rider_s_journey.md
Created fluidiccolours/poems/a_rider_s_journey.html page!
blog/poems/a_song_of_blue_and_yellow.md
Created fluidiccolours/poems/a_song_of_blue_and_yellow.html page!
blog/poems/a_sweet_voyage.md
Created fluidiccolours/poems/a_sweet_voyage.html page!
blog/poems/autumn_colours.md
Created fluidiccolours/poems/autumn_colours.html page!
blog/poems/bane_of_trying.md
Created fluidiccolours/poems/bane_of_trying.html page!
blog/poems/behind_the_gate.md
Created fluidiccolours/poems/behind_the_gate.html page!
blog/poems/behind_the_smile.md
Created fluidiccolours/poems/behind_the_smile.html page!
blog/poems/being_brave.md
Created fluidiccolours/poems/being_brave.html page!
blog/poems/believe_it.md
Created fluidiccolours/poems/believe_it.html page!
blog/poems/blessed.md
Created fluidiccolours/poems/blessed.html page!
blog/poems/blushing_bride.md
Created fluidiccolours/poems/blushing_bride.html page!
blog/poems/breaking_rules.md
Created fluidiccolours/poems/breaking_rules.html page!
blog/poems/brida.md
Created fluidiccolours/poems/brida.html page!
blog/poems/childish_dreams.md
Created fluidiccolours/poems/childish_dreams.html page!
blog/poems/choices_and_chances.md
Created fluidiccolours/poems/choices_and_chances.html page!
blog/poems/cold_fire.md
Created fluidiccolours/poems/cold_fire.html page!
blog/poems/concede.md
Created fluidiccolours/poems/concede.html page!
blog/poems/cursed.md
Created fluidiccolours/poems/cursed.html page!
blog/poems/curse_of_being_strong.md
Created fluidiccolours/poems/curse_of_being_strong.html page!
blog/poems/dance_of_ecstasy.md
Created fluidiccolours/poems/dance_of_ecstasy.html page!
blog/poems/depression.md
Created fluidiccolours/poems/depression.html page!
blog/poems/detached.md
Created fluidiccolours/poems/detached.html page!
blog/poems/ebb_and_flow.md
Created fluidiccolours/poems/ebb_and_flow.html page!
blog/poems/excelsior.md
Created fluidiccolours/poems/excelsior.html page!
blog/poems/far_cry.md
Created fluidiccolours/poems/far_cry.html page!
blog/poems/feeling_infinite.md
Created fluidiccolours/poems/feeling_infinite.html page!
blog/poems/festival_of_lights.md
Created fluidiccolours/poems/festival_of_lights.html page!
blog/poems/fighting_life.md
Created fluidiccolours/poems/fighting_life.html page!
blog/poems/flamboyant_dance_of_a_phoenix.md
Created fluidiccolours/poems/flamboyant_dance_of_a_phoenix.html page!
blog/poems/fluidic_colours.md
Created fluidiccolours/poems/fluidic_colours.html page!
blog/poems/future_of_the_past.md
Created fluidiccolours/poems/future_of_the_past.html page!
blog/poems/gamble_of_waiting.md
Created fluidiccolours/poems/gamble_of_waiting.html page!
blog/poems/game_planner.md
Created fluidiccolours/poems/game_planner.html page!
blog/poems/gold_need_not_glitter.md
Created fluidiccolours/poems/gold_need_not_glitter.html page!
blog/poems/grace_in_defeat.md
Created fluidiccolours/poems/grace_in_defeat.html page!
blog/poems/imperfectly_perfect.md
Created fluidiccolours/poems/imperfectly_perfect.html page!
blog/poems/indra.md
Created fluidiccolours/poems/indra.html page!
blog/poems/in_search_of_a_unicorn.md
Created fluidiccolours/poems/in_search_of_a_unicorn.html page!
blog/poems/inward_journey.md
Created fluidiccolours/poems/inward_journey.html page!
blog/poems/iron_queen.md
Created fluidiccolours/poems/iron_queen.html page!
blog/poems/it_is_never_easy.md
Created fluidiccolours/poems/it_is_never_easy.html page!
blog/poems/its_time_for_spring.md
Created fluidiccolours/poems/its_time_for_spring.html page!
blog/poems/keep_smiling.md
Created fluidiccolours/poems/keep_smiling.html page!
blog/poems/lessons_from_entropy.md
Created fluidiccolours/poems/lessons_from_entropy.html page!
blog/poems/let_it_go.md
Created fluidiccolours/poems/let_it_go.html page!
blog/poems/little_joys.md
Created fluidiccolours/poems/little_joys.html page!
blog/poems/love_under_the_stars.md
Created fluidiccolours/poems/love_under_the_stars.html page!
blog/poems/magi.md
Created fluidiccolours/poems/magi.html page!
blog/poems/maybe_its_not_meant_to_be.md
Created fluidiccolours/poems/maybe_its_not_meant_to_be.html page!
blog/poems/mental_health.md
Created fluidiccolours/poems/mental_health.html page!
blog/poems/midnight_dreams.md
Created fluidiccolours/poems/midnight_dreams.html page!
blog/poems/missing_words.md
Created fluidiccolours/poems/missing_words.html page!
blog/poems/moonlight.md
Created fluidiccolours/poems/moonlight.html page!
blog/poems/more_than_what_meets_the_eye.md
Created fluidiccolours/poems/more_than_what_meets_the_eye.html page!
blog/poems/my_time_has_come.md
Created fluidiccolours/poems/my_time_has_come.html page!
blog/poems/nameday.md
Created fluidiccolours/poems/nameday.html page!
blog/poems/nemesis_reborn.md
Created fluidiccolours/poems/nemesis_reborn.html page!
blog/poems/new_beginnings.md
Created fluidiccolours/poems/new_beginnings.html page!
blog/poems/no_one.md
Created fluidiccolours/poems/no_one.html page!
blog/poems/nymphadora.md
Created fluidiccolours/poems/nymphadora.html page!
blog/poems/paint_the_town_red.md
Created fluidiccolours/poems/paint_the_town_red.html page!
blog/poems/path_to_transcedence.md
Created fluidiccolours/poems/path_to_transcedence.html page!
blog/poems/perspective.md
Created fluidiccolours/poems/perspective.html page!
blog/poems/prayer_to_the_universe_part_1.md
Created fluidiccolours/poems/prayer_to_the_universe_part_1.html page!
blog/poems/prayer_to_the_universe_part_2.md
Created fluidiccolours/poems/prayer_to_the_universe_part_2.html page!
blog/poems/raajali.md
Created fluidiccolours/poems/raajali.html page!
blog/poems/rakshabandhan.md
Created fluidiccolours/poems/rakshabandhan.html page!
blog/poems/reconcile.md
Created fluidiccolours/poems/reconcile.html page!
blog/poems/recursive_clock.md
Created fluidiccolours/poems/recursive_clock.html page!
blog/poems/respect_is_not_love.md
Created fluidiccolours/poems/respect_is_not_love.html page!
blog/poems/said_he_said_she.md
Created fluidiccolours/poems/said_he_said_she.html page!
blog/poems/sailing_amidst_shipwrecks.md
Created fluidiccolours/poems/sailing_amidst_shipwrecks.html page!
blog/poems/secret_santa.md
Created fluidiccolours/poems/secret_santa.html page!
blog/poems/she.md
Created fluidiccolours/poems/she.html page!
blog/poems/silience.md
Created fluidiccolours/poems/silience.html page!
blog/poems/solitude.md
Created fluidiccolours/poems/solitude.html page!
blog/poems/sonder.md
Created fluidiccolours/poems/sonder.html page!
blog/poems/star_child.md
Created fluidiccolours/poems/star_child.html page!
blog/poems/still_waters.md
Created fluidiccolours/poems/still_waters.html page!
blog/poems/storm_breaker.md
Created fluidiccolours/poems/storm_breaker.html page!
blog/poems/the_completing_piece.md
Created fluidiccolours/poems/the_completing_piece.html page!
blog/poems/the_soul_catcher.md
Created fluidiccolours/poems/the_soul_catcher.html page!
blog/poems/to_try_or_to_wait.md
Created fluidiccolours/poems/to_try_or_to_wait.html page!
blog/poems/trip_around_the_sun.md
Created fluidiccolours/poems/trip_around_the_sun.html page!
blog/poems/uncharted_trails.md
Created fluidiccolours/poems/uncharted_trails.html page!
blog/poems/unopened_doors.md
Created fluidiccolours/poems/unopened_doors.html page!
blog/poems/vemoedalen.md
Created fluidiccolours/poems/vemoedalen.html page!
blog/poems/wandering_soul.md
Created fluidiccolours/poems/wandering_soul.html page!
blog/poems/when_two_poles_meet.md
Created fluidiccolours/poems/when_two_poles_meet.html page!
blog/poems/where_are_you.md
Created fluidiccolours/poems/where_are_you.html page!
blog/poems/wild_lily.md
Created fluidiccolours/poems/wild_lily.html page!
blog/poems/wise_panda.md
Created fluidiccolours/poems/wise_panda.html page!
blog/poems/wishes_to_a_budding_artist.md
Created fluidiccolours/poems/wishes_to_a_budding_artist.html page!
blog/poems/wishes_to_a_noble_friend.md
Created fluidiccolours/poems/wishes_to_a_noble_friend.html page!
blog/poems/you_are_special.md
Created fluidiccolours/poems/you_are_special.html page!
blog/poems/you_have_two_legs.md
Created fluidiccolours/poems/you_have_two_legs.html page!
blog/poems/you_will_reap.md
Created fluidiccolours/poems/you_will_reap.html page!
blog/short_stories/the_innocent_questions.md
Created fluidiccolours/short_stories/the_innocent_questions.html page!
blog/articles/enough_is_enough.md
Created fluidiccolours/articles/enough_is_enough.html page!
blog/articles/in_the_shoes_of_a_gay_person.md
Created fluidiccolours/articles/in_the_shoes_of_a_gay_person.html page!
blog/articles/late_night_ride_and_coffee_with_a_friend.md
Created fluidiccolours/articles/late_night_ride_and_coffee_with_a_friend.html page!
blog/articles/lessons_from_entropy.md
Created fluidiccolours/articles/lessons_from_entropy.html page!
blog/articles/lessons_on_being_vulnerable.md
Created fluidiccolours/articles/lessons_on_being_vulnerable.html page!
blog/articles/life_s_purpose.md
Created fluidiccolours/articles/life_s_purpose.html page!
blog/articles/monkeys_humans_modernlife_and_socialMedia.md
Created fluidiccolours/articles/monkeys_humans_modernlife_and_socialMedia.html page!
blog/articles/paralysis_of_choice_the_modern_day_challenge.md
Created fluidiccolours/articles/paralysis_of_choice_the_modern_day_challenge.html page!
blog/articles/pda_and_changing_times.md
Created fluidiccolours/articles/pda_and_changing_times.html page!
blog/articles/some_realisations_from_a_broken_finger.md
Created fluidiccolours/articles/some_realisations_from_a_broken_finger.html page!
blog/articles/staying_foolish_and_writing.md
Created fluidiccolours/articles/staying_foolish_and_writing.html page!
blog/articles/two_wolves.md
Created fluidiccolours/articles/two_wolves.html page!
blog/articles/you_are_not_alone_dealing_with_loss.md
Created fluidiccolours/articles/you_are_not_alone_dealing_with_loss.html page!
Created index.html page!
Created faq.html page!
Created maths.html page!
Created science.html page!
Created blogs.html page!
Created apps.html page!
Created syntax.html page!
